2025-09-08 14:06:21 [ERROR]: checkExpiry is not defined
2025-09-08 14:06:26 [ERROR]: checkExpiry is not defined
2025-09-08 14:06:45 [ERROR]: grnLogger is not defined
2025-09-08 14:07:49 [INFO]:  PO with order_id: 14 is founded
2025-09-08 14:07:49 [ERROR]: calculateItemsTotal is not defined
2025-09-08 14:08:02 [INFO]:  PO with order_id: 14 is founded
2025-09-08 14:08:02 [ERROR]: 
Invalid `prisma.goodReceiptNote.create()` invocation:

{
  data: {
    grn_number: "GRN-6829479394",
    order_id: 14,
    received_date: new Date("2025-09-08T00:00:00.000Z"),
    goodReceiptNoteItems: {
      create: [
        {
          product_id: 10,
          batch_number: "v1",
          expiry_date: "2025-10-03",
          recevied_qty: 10,
          ordered_qty: 10,
          damaged_qty: 1,
          shortage_qty: 0,
          item_price: 10,
          item_mrp: 30,
          totalAmount: 100
        }
      ]
    },
    total_amount: 100,
    status: "pending"
  }
}

Invalid value for argument `expiry_date`: premature end of input. Expected ISO-8601 DateTime.
2025-09-08 14:10:12 [ERROR]: Validation Error: [{"field":"items.0.batch_number","message":"Batch number is required"}]
2025-09-08 14:10:37 [INFO]:  PO with order_id: 14 is founded
2025-09-08 14:10:37 [ERROR]: 
Invalid `prisma.goodReceiptNote.create()` invocation:

{
  data: {
    grn_number: "GRN-8379034679",
    order_id: 14,
    received_date: new Date("2025-09-08T00:00:00.000Z"),
    goodReceiptNoteItems: {
      create: [
        {
          product_id: 10,
          batch_number: "c1",
          expiry_date: "2025-09-26",
          recevied_qty: 10,
          ordered_qty: 10,
          damaged_qty: 1,
          shortage_qty: 0,
          item_price: 10,
          item_mrp: 20,
          totalAmount: 100
        }
      ]
    },
    total_amount: 100,
    status: "pending"
  }
}

Invalid value for argument `expiry_date`: premature end of input. Expected ISO-8601 DateTime.
2025-09-08 14:11:09 [INFO]:  PO with order_id: 14 is founded
2025-09-08 14:11:09 [ERROR]: 
Invalid `prisma.goodReceiptNote.create()` invocation:

{
  data: {
    grn_number: "GRN-8696337969",
    order_id: 14,
    received_date: new Date("2025-09-08T00:00:00.000Z"),
    goodReceiptNoteItems: {
      create: [
        {
          product_id: 10,
          batch_number: "c1",
          expiry_date: "2025-09-26",
          recevied_qty: 10,
          ordered_qty: 10,
          damaged_qty: 1,
          shortage_qty: 0,
          item_price: 10,
          item_mrp: 20,
          totalAmount: 100
        }
      ]
    },
    total_amount: 100,
    status: "pending"
  }
}

Invalid value for argument `expiry_date`: premature end of input. Expected ISO-8601 DateTime.
2025-09-08 14:12:35 [ERROR]: Validation Error: [{"field":"items.0.batch_number","message":"Batch number is required"}]
2025-09-08 14:12:50 [INFO]:  PO with order_id: 14 is founded
2025-09-08 14:12:50 [INFO]: GRN created successfully with id: 9
2025-09-08 14:13:17 [ERROR]: Cannot read properties of undefined (reading 'order_id')
2025-09-08 14:13:21 [ERROR]: Cannot read properties of undefined (reading 'order_id')
2025-09-08 14:16:05 [INFO]:  GRN with grn_id: 9 is founded
2025-09-08 14:16:05 [INFO]:  PO with order_id: 14 is founded
2025-09-08 14:16:05 [INFO]: GRN updated successfully with id: 9
2025-09-08 14:18:00 [INFO]:  GRN with grn_id: 9 is founded
2025-09-08 14:18:00 [INFO]:  PO with order_id: 14 is founded
2025-09-08 14:18:51 [INFO]:  GRN with grn_id: 9 is founded
2025-09-08 14:18:51 [INFO]:  PO with order_id: 14 is founded
2025-09-08 14:19:39 [INFO]:  GRN with grn_id: 9 is founded
2025-09-08 14:19:39 [INFO]:  PO with order_id: 14 is founded
2025-09-08 14:23:45 [INFO]:  GRN with grn_id: 9 is founded
2025-09-08 14:23:45 [INFO]:  PO with order_id: 14 is founded
2025-09-08 14:23:45 [ERROR]: 
Invalid `prisma.goodReceiptNote.update()` invocation:

{
  where: {
    id: undefined,
?   grn_number?: String,
?   AND?: GoodReceiptNoteWhereInput | GoodReceiptNoteWhereInput[],
?   OR?: GoodReceiptNoteWhereInput[],
?   NOT?: GoodReceiptNoteWhereInput | GoodReceiptNoteWhereInput[],
?   order_id?: IntFilter | Int,
?   received_date?: DateTimeFilter | DateTime,
?   total_amount?: FloatFilter | Float,
?   status?: StringFilter | String,
?   created_at?: DateTimeFilter | DateTime,
?   updated_at?: DateTimeFilter | DateTime,
?   deleted_at?: DateTimeNullableFilter | DateTime | Null,
?   purchaseOrder?: PurchaseOrderScalarRelationFilter | PurchaseOrderWhereInput,
?   goodReceiptNoteItems?: GoodReceiptNoteItemListRelationFilter,
?   PurchaseInvoice?: PurchaseInvoiceListRelationFilter
  },
  data: {
    status: "cancelled"
  }
}

Argument `where` of type GoodReceiptNoteWhereUniqueInput needs at least one of `id` or `grn_number` arguments. Available options are marked with ?.
2025-09-08 14:23:48 [INFO]:  GRN with grn_id: 9 is founded
2025-09-08 14:23:48 [INFO]:  PO with order_id: 14 is founded
2025-09-08 14:23:48 [ERROR]: 
Invalid `prisma.goodReceiptNote.update()` invocation:

{
  where: {
    id: undefined,
?   grn_number?: String,
?   AND?: GoodReceiptNoteWhereInput | GoodReceiptNoteWhereInput[],
?   OR?: GoodReceiptNoteWhereInput[],
?   NOT?: GoodReceiptNoteWhereInput | GoodReceiptNoteWhereInput[],
?   order_id?: IntFilter | Int,
?   received_date?: DateTimeFilter | DateTime,
?   total_amount?: FloatFilter | Float,
?   status?: StringFilter | String,
?   created_at?: DateTimeFilter | DateTime,
?   updated_at?: DateTimeFilter | DateTime,
?   deleted_at?: DateTimeNullableFilter | DateTime | Null,
?   purchaseOrder?: PurchaseOrderScalarRelationFilter | PurchaseOrderWhereInput,
?   goodReceiptNoteItems?: GoodReceiptNoteItemListRelationFilter,
?   PurchaseInvoice?: PurchaseInvoiceListRelationFilter
  },
  data: {
    status: "cancelled"
  }
}

Argument `where` of type GoodReceiptNoteWhereUniqueInput needs at least one of `id` or `grn_number` arguments. Available options are marked with ?.
2025-09-08 14:24:03 [INFO]:  GRN with grn_id: 9 is founded
2025-09-08 14:24:03 [INFO]:  PO with order_id: 14 is founded
2025-09-08 14:24:03 [ERROR]: 
Invalid `prisma.goodReceiptNote.update()` invocation:

{
  where: {
    id: undefined,
?   grn_number?: String,
?   AND?: GoodReceiptNoteWhereInput | GoodReceiptNoteWhereInput[],
?   OR?: GoodReceiptNoteWhereInput[],
?   NOT?: GoodReceiptNoteWhereInput | GoodReceiptNoteWhereInput[],
?   order_id?: IntFilter | Int,
?   received_date?: DateTimeFilter | DateTime,
?   total_amount?: FloatFilter | Float,
?   status?: StringFilter | String,
?   created_at?: DateTimeFilter | DateTime,
?   updated_at?: DateTimeFilter | DateTime,
?   deleted_at?: DateTimeNullableFilter | DateTime | Null,
?   purchaseOrder?: PurchaseOrderScalarRelationFilter | PurchaseOrderWhereInput,
?   goodReceiptNoteItems?: GoodReceiptNoteItemListRelationFilter,
?   PurchaseInvoice?: PurchaseInvoiceListRelationFilter
  },
  data: {
    status: "cancelled"
  }
}

Argument `where` of type GoodReceiptNoteWhereUniqueInput needs at least one of `id` or `grn_number` arguments. Available options are marked with ?.
2025-09-08 14:24:25 [INFO]:  GRN with grn_id: 9 is founded
2025-09-08 14:24:25 [INFO]:  PO with order_id: 14 is founded
2025-09-08 14:24:25 [ERROR]: Cannot read properties of undefined (reading 'id')
2025-09-08 14:25:29 [INFO]:  GRN with grn_id: 9 is founded
2025-09-08 14:25:29 [INFO]:  PO with order_id: 14 is founded
2025-09-08 14:25:29 [INFO]: GRN updated successfully with id: 9
2025-09-08 14:25:48 [ERROR]: Validation Error: [{"field":"status","message":"Invalid status for grn. Allowed: pending"}]
2025-09-08 14:27:13 [ERROR]: Validation Error: [{"field":"status","message":"Invalid status for grn. Allowed: pending"}]
2025-09-08 14:27:16 [ERROR]: Validation Error: [{"field":"status","message":"Invalid status for grn. Allowed: pending"}]
2025-09-08 14:27:18 [ERROR]: Validation Error: [{"field":"status","message":"Invalid status for grn. Allowed: pending"}]
2025-09-08 14:28:12 [ERROR]: Validation Error: [{"field":"status","message":"Invalid status for grn. Allowed: pending"}]
2025-09-08 14:28:15 [ERROR]: Validation Error: [{"field":"status","message":"Invalid status for grn. Allowed: pending"}]
2025-09-08 14:28:21 [ERROR]: Validation Error: [{"field":"status","message":"Invalid status for grn. Allowed: pending"}]
2025-09-08 14:28:25 [ERROR]: Validation Error: [{"field":"status","message":"Invalid status for grn. Allowed: pending"}]
2025-09-08 14:28:44 [ERROR]: Validation Error: [{"field":"status","message":"Invalid status for grn. Allowed: pending"}]
2025-09-08 14:29:02 [ERROR]: Validation Error: [{"field":"status","message":"Invalid status for grn. Allowed: pending"}]
2025-09-08 14:29:05 [ERROR]: Validation Error: [{"field":"status","message":"Invalid status for grn. Allowed: pending"}]
2025-09-08 14:29:10 [ERROR]: Validation Error: [{"field":"status","message":"Invalid status for grn. Allowed: pending"}]
2025-09-08 14:29:30 [ERROR]: Validation Error: [{"field":"status","message":"Invalid status for grn. Allowed: pending"}]
2025-09-08 14:29:57 [ERROR]: Validation Error: [{"field":"status","message":"Invalid status for grn. Allowed: pending"}]
2025-09-08 14:30:01 [ERROR]: Validation Error: [{"field":"status","message":"Invalid status for grn. Allowed: pending"}]
2025-09-08 14:30:07 [ERROR]: Validation Error: [{"field":"status","message":"Invalid status for grn. Allowed: pending"}]
2025-09-08 14:30:22 [INFO]:  GRN with grn_id: 8 is founded
2025-09-08 14:30:22 [INFO]:  PO with order_id: 12 is founded
2025-09-08 14:30:22 [INFO]: GRN updated successfully with id: 8
2025-09-08 14:30:48 [ERROR]: 
Invalid `prisma.goodReceiptNote.update()` invocation:

{
  where: {
    id: undefined,
?   grn_number?: String,
?   AND?: GoodReceiptNoteWhereInput | GoodReceiptNoteWhereInput[],
?   OR?: GoodReceiptNoteWhereInput[],
?   NOT?: GoodReceiptNoteWhereInput | GoodReceiptNoteWhereInput[],
?   order_id?: IntFilter | Int,
?   received_date?: DateTimeFilter | DateTime,
?   total_amount?: FloatFilter | Float,
?   status?: StringFilter | String,
?   created_at?: DateTimeFilter | DateTime,
?   updated_at?: DateTimeFilter | DateTime,
?   deleted_at?: DateTimeNullableFilter | DateTime | Null,
?   purchaseOrder?: PurchaseOrderScalarRelationFilter | PurchaseOrderWhereInput,
?   goodReceiptNoteItems?: GoodReceiptNoteItemListRelationFilter,
?   PurchaseInvoice?: PurchaseInvoiceListRelationFilter
  },
  data: {
    deleted_at: new Date("2025-09-08T09:00:48.090Z"),
    status: "cancelled"
  }
}

Argument `where` of type GoodReceiptNoteWhereUniqueInput needs at least one of `id` or `grn_number` arguments. Available options are marked with ?.
2025-09-08 14:30:55 [ERROR]: 
Invalid `prisma.goodReceiptNote.update()` invocation:

{
  where: {
    id: undefined,
?   grn_number?: String,
?   AND?: GoodReceiptNoteWhereInput | GoodReceiptNoteWhereInput[],
?   OR?: GoodReceiptNoteWhereInput[],
?   NOT?: GoodReceiptNoteWhereInput | GoodReceiptNoteWhereInput[],
?   order_id?: IntFilter | Int,
?   received_date?: DateTimeFilter | DateTime,
?   total_amount?: FloatFilter | Float,
?   status?: StringFilter | String,
?   created_at?: DateTimeFilter | DateTime,
?   updated_at?: DateTimeFilter | DateTime,
?   deleted_at?: DateTimeNullableFilter | DateTime | Null,
?   purchaseOrder?: PurchaseOrderScalarRelationFilter | PurchaseOrderWhereInput,
?   goodReceiptNoteItems?: GoodReceiptNoteItemListRelationFilter,
?   PurchaseInvoice?: PurchaseInvoiceListRelationFilter
  },
  data: {
    deleted_at: new Date("2025-09-08T09:00:55.297Z"),
    status: "cancelled"
  }
}

Argument `where` of type GoodReceiptNoteWhereUniqueInput needs at least one of `id` or `grn_number` arguments. Available options are marked with ?.
2025-09-08 14:31:39 [ERROR]: 
Invalid `prisma.goodReceiptNote.update()` invocation:

{
  where: {
    id: undefined,
?   grn_number?: String,
?   AND?: GoodReceiptNoteWhereInput | GoodReceiptNoteWhereInput[],
?   OR?: GoodReceiptNoteWhereInput[],
?   NOT?: GoodReceiptNoteWhereInput | GoodReceiptNoteWhereInput[],
?   order_id?: IntFilter | Int,
?   received_date?: DateTimeFilter | DateTime,
?   total_amount?: FloatFilter | Float,
?   status?: StringFilter | String,
?   created_at?: DateTimeFilter | DateTime,
?   updated_at?: DateTimeFilter | DateTime,
?   deleted_at?: DateTimeNullableFilter | DateTime | Null,
?   purchaseOrder?: PurchaseOrderScalarRelationFilter | PurchaseOrderWhereInput,
?   goodReceiptNoteItems?: GoodReceiptNoteItemListRelationFilter,
?   PurchaseInvoice?: PurchaseInvoiceListRelationFilter
  },
  data: {
    deleted_at: new Date("2025-09-08T09:01:39.868Z"),
    status: "cancelled"
  }
}

Argument `where` of type GoodReceiptNoteWhereUniqueInput needs at least one of `id` or `grn_number` arguments. Available options are marked with ?.
2025-09-08 14:32:16 [ERROR]: 
Invalid `prisma.goodReceiptNote.update()` invocation:

{
  where: {
    id: undefined,
?   grn_number?: String,
?   AND?: GoodReceiptNoteWhereInput | GoodReceiptNoteWhereInput[],
?   OR?: GoodReceiptNoteWhereInput[],
?   NOT?: GoodReceiptNoteWhereInput | GoodReceiptNoteWhereInput[],
?   order_id?: IntFilter | Int,
?   received_date?: DateTimeFilter | DateTime,
?   total_amount?: FloatFilter | Float,
?   status?: StringFilter | String,
?   created_at?: DateTimeFilter | DateTime,
?   updated_at?: DateTimeFilter | DateTime,
?   deleted_at?: DateTimeNullableFilter | DateTime | Null,
?   purchaseOrder?: PurchaseOrderScalarRelationFilter | PurchaseOrderWhereInput,
?   goodReceiptNoteItems?: GoodReceiptNoteItemListRelationFilter,
?   PurchaseInvoice?: PurchaseInvoiceListRelationFilter
  },
  data: {
    deleted_at: new Date("2025-09-08T09:02:16.646Z"),
    status: "cancelled"
  }
}

Argument `where` of type GoodReceiptNoteWhereUniqueInput needs at least one of `id` or `grn_number` arguments. Available options are marked with ?.
2025-09-08 14:32:48 [ERROR]: 
Invalid `prisma.goodReceiptNote.update()` invocation:

{
  where: {
    id: undefined,
?   grn_number?: String,
?   AND?: GoodReceiptNoteWhereInput | GoodReceiptNoteWhereInput[],
?   OR?: GoodReceiptNoteWhereInput[],
?   NOT?: GoodReceiptNoteWhereInput | GoodReceiptNoteWhereInput[],
?   order_id?: IntFilter | Int,
?   received_date?: DateTimeFilter | DateTime,
?   total_amount?: FloatFilter | Float,
?   status?: StringFilter | String,
?   created_at?: DateTimeFilter | DateTime,
?   updated_at?: DateTimeFilter | DateTime,
?   deleted_at?: DateTimeNullableFilter | DateTime | Null,
?   purchaseOrder?: PurchaseOrderScalarRelationFilter | PurchaseOrderWhereInput,
?   goodReceiptNoteItems?: GoodReceiptNoteItemListRelationFilter,
?   PurchaseInvoice?: PurchaseInvoiceListRelationFilter
  },
  data: {
    deleted_at: new Date("2025-09-08T09:02:48.068Z"),
    status: "cancelled"
  }
}

Argument `where` of type GoodReceiptNoteWhereUniqueInput needs at least one of `id` or `grn_number` arguments. Available options are marked with ?.
2025-09-08 14:33:59 [ERROR]: 
Invalid `prisma.goodReceiptNote.update()` invocation:

{
  where: {
    id: undefined,
?   grn_number?: String,
?   AND?: GoodReceiptNoteWhereInput | GoodReceiptNoteWhereInput[],
?   OR?: GoodReceiptNoteWhereInput[],
?   NOT?: GoodReceiptNoteWhereInput | GoodReceiptNoteWhereInput[],
?   order_id?: IntFilter | Int,
?   received_date?: DateTimeFilter | DateTime,
?   total_amount?: FloatFilter | Float,
?   status?: StringFilter | String,
?   created_at?: DateTimeFilter | DateTime,
?   updated_at?: DateTimeFilter | DateTime,
?   deleted_at?: DateTimeNullableFilter | DateTime | Null,
?   purchaseOrder?: PurchaseOrderScalarRelationFilter | PurchaseOrderWhereInput,
?   goodReceiptNoteItems?: GoodReceiptNoteItemListRelationFilter,
?   PurchaseInvoice?: PurchaseInvoiceListRelationFilter
  },
  data: {
    deleted_at: new Date("2025-09-08T09:03:59.931Z"),
    status: "cancelled"
  }
}

Argument `where` of type GoodReceiptNoteWhereUniqueInput needs at least one of `id` or `grn_number` arguments. Available options are marked with ?.
2025-09-08 14:35:19 [ERROR]: 
Invalid `prisma.goodReceiptNote.update()` invocation:

{
  where: {
    id: undefined,
?   grn_number?: String,
?   AND?: GoodReceiptNoteWhereInput | GoodReceiptNoteWhereInput[],
?   OR?: GoodReceiptNoteWhereInput[],
?   NOT?: GoodReceiptNoteWhereInput | GoodReceiptNoteWhereInput[],
?   order_id?: IntFilter | Int,
?   received_date?: DateTimeFilter | DateTime,
?   total_amount?: FloatFilter | Float,
?   status?: StringFilter | String,
?   created_at?: DateTimeFilter | DateTime,
?   updated_at?: DateTimeFilter | DateTime,
?   deleted_at?: DateTimeNullableFilter | DateTime | Null,
?   purchaseOrder?: PurchaseOrderScalarRelationFilter | PurchaseOrderWhereInput,
?   goodReceiptNoteItems?: GoodReceiptNoteItemListRelationFilter,
?   PurchaseInvoice?: PurchaseInvoiceListRelationFilter
  },
  data: {
    deleted_at: new Date("2025-09-08T09:05:19.020Z"),
    status: "cancelled"
  }
}

Argument `where` of type GoodReceiptNoteWhereUniqueInput needs at least one of `id` or `grn_number` arguments. Available options are marked with ?.
2025-09-08 14:36:11 [ERROR]: 
Invalid `prisma.goodReceiptNote.update()` invocation:

{
  where: {
    id: {
      id: 8,
      grn_number: "GRN-3067517815",
      order_id: 12,
      received_date: "2025-09-08T00:00:00.000Z",
      total_amount: 9,
      status: "pending",
      created_at: "2025-09-08T04:21:46.753Z",
      updated_at: "2025-09-08T09:00:22.141Z",
      deleted_at: null
    }
    ~~~~~~~~~~~~~~~~~~~~~~~~~~~~~~~~~~~~~~~~~~~
  },
  data: {
    deleted_at: new Date("2025-09-08T09:06:11.252Z"),
    status: "cancelled"
  }
}

Argument `id`: Invalid value provided. Expected Int, provided Object.
2025-09-08 14:46:33 [ERROR]: Validation Error: [{"field":"status","message":"Invalid status for grn. Allowed: pending"}]
2025-09-08 14:46:36 [ERROR]: Validation Error: [{"field":"status","message":"Invalid status for grn. Allowed: pending"}]
2025-09-08 14:46:39 [ERROR]: Validation Error: [{"field":"status","message":"Invalid status for grn. Allowed: pending"}]
2025-09-08 14:50:47 [INFO]:  PO with order_id: 12 is founded
2025-09-08 14:50:47 [INFO]: GRN created successfully with id: 10
2025-09-08 14:54:20 [INFO]:  PO with order_id: 15 is founded
2025-09-08 14:54:20 [WARN]: PO cancelled due to invalid received quantities
2025-09-08 14:55:10 [ERROR]: Validation Error: [{"field":"items.0.batch_number","message":"Batch number is required"}]
2025-09-08 14:55:21 [ERROR]: MRP cannot be less than price for product 10
2025-09-08 14:55:34 [INFO]:  PO with order_id: 16 is founded
2025-09-08 14:55:34 [INFO]: GRN created successfully with id: 11
2025-09-08 14:58:21 [ERROR]: Validation Error: [{"field":"status","message":"Invalid status for grn. Allowed: pending"}]
2025-09-08 14:59:04 [ERROR]: Validation Error: [{"field":"status","message":"Invalid status for grn. Allowed: pending"}]
2025-09-08 14:59:07 [ERROR]: Validation Error: [{"field":"status","message":"Invalid status for grn. Allowed: pending"}]
2025-09-08 14:59:19 [ERROR]: Validation Error: [{"field":"status","message":"Invalid status for grn. Allowed: pending"}]
2025-09-08 14:59:22 [ERROR]: Validation Error: [{"field":"status","message":"Invalid status for grn. Allowed: pending"}]
2025-09-09 11:21:32 [INFO]:  PO with order_id: 19 is founded
2025-09-09 11:21:32 [ERROR]: PO cancelled due to invalid received quantities
2025-09-09 11:21:58 [INFO]:  PO with order_id: 17 is founded
2025-09-09 11:21:58 [ERROR]: PO cancelled due to invalid received quantities
2025-09-09 11:23:12 [INFO]:  PO with order_id: 20 is founded
2025-09-09 11:23:12 [INFO]: GRN created successfully with id: 12
2025-09-09 11:23:26 [INFO]:  GRN with grn_id: 12 is founded
2025-09-09 11:23:26 [INFO]:  PO with order_id: 20 is founded
2025-09-09 11:23:26 [INFO]: GRN updated successfully with id: 12
2025-09-10 13:38:47 [INFO]:  PO with order_id: 2 is founded
2025-09-10 13:38:47 [INFO]: GRN created successfully with id: 1
2025-09-10 13:38:51 [INFO]: ✅ Cache hit for GRN ID: 1
2025-09-10 13:38:57 [INFO]: ✅ Cache hit for GRN ID: 1
2025-09-10 13:39:30 [INFO]: ✅ Cache hit for GRN ID: 1
2025-09-10 13:39:30 [INFO]:  PO with order_id: 2 is founded
2025-09-10 13:39:30 [INFO]: GRN updated successfully with id: 1
