2025-09-08 14:44:40 [ERROR]: Invoice creation blocked: GRN 9 already cancelled
2025-09-08 14:46:21 [ERROR]: Invoice creation blocked: GRN 7 already completed
2025-09-08 14:46:46 [ERROR]: Invoice creation blocked: GRN 7 already completed
2025-09-08 14:47:04 [ERROR]: Invoice creation blocked: GRN 7 already completed
2025-09-08 14:47:33 [ERROR]: Invoice creation blocked: GRN 7 already completed
2025-09-08 14:49:11 [ERROR]: Invoice creation blocked: GRN 7 already completed
2025-09-08 14:49:46 [ERROR]: Invoice creation blocked: GRN 7 already completed
2025-09-08 14:50:08 [ERROR]: Invoice creation blocked: GRN 7 already completed
2025-09-08 14:50:12 [ERROR]: Invoice creation blocked: GRN 7 already completed
2025-09-08 14:50:53 [INFO]: ✅ Purchase Invoice 3 created successfully for GRN 10
2025-09-08 14:51:00 [INFO]: 🗑️ Purchase Invoice 1 deleted successfully
2025-09-08 14:51:38 [ERROR]: Invoice creation blocked: GRN 10 already completed
2025-09-08 14:53:36 [ERROR]: Invoice creation blocked: GRN 10 already completed
2025-09-08 14:53:40 [ERROR]: Invoice creation blocked: GRN 10 already completed
2025-09-08 14:55:40 [INFO]: ✅ Purchase Invoice 4 created successfully for GRN 11
2025-09-08 14:57:20 [INFO]: 📄 Purchase Invoice 3 fetched successfully
2025-09-08 15:23:32 [WARN]: ⚠️ Purchase Invoice not found for ID 16
2025-09-08 15:28:35 [INFO]: 📄 Purchase Invoice 4 fetched successfully
2025-09-08 15:31:30 [INFO]: 📄 Purchase Invoice 4 fetched successfully
2025-09-08 15:31:45 [INFO]: 📄 Purchase Invoice 4 fetched successfully
2025-09-09 11:23:32 [INFO]: ✅ Purchase Invoice 5 created successfully for GRN 12
2025-09-09 11:23:37 [INFO]: 📄 Purchase Invoice 5 fetched successfully
2025-09-10 13:39:34 [INFO]: ✅ Purchase Invoice 1 created successfully for GRN 1
2025-09-10 13:39:59 [INFO]: 📄 Purchase Invoice 1 fetched successfully
