2025-09-08 12:15:33 [ERROR]: MRP cannot be less than price for product 6
2025-09-08 12:15:33 [ERROR]: ❌ Failed to create Purchase Order | Error: MRP cannot be less than price for product 6
2025-09-08 12:15:33 [ERROR]: MRP cannot be less than price for product 6
2025-09-08 12:15:35 [ERROR]: MRP cannot be less than price for product 6
2025-09-08 12:15:35 [ERROR]: ❌ Failed to create Purchase Order | Error: MRP cannot be less than price for product 6
2025-09-08 12:15:35 [ERROR]: MRP cannot be less than price for product 6
2025-09-08 12:15:38 [ERROR]: MRP cannot be less than price for product 6
2025-09-08 12:15:38 [ERROR]: ❌ Failed to create Purchase Order | Error: MRP cannot be less than price for product 6
2025-09-08 12:15:38 [ERROR]: MRP cannot be less than price for product 6
2025-09-08 12:16:08 [ERROR]: MRP cannot be less than price for product 6
2025-09-08 12:16:08 [ERROR]: ❌ Failed to create Purchase Order | Error: MRP cannot be less than price for product 
2025-09-08 12:16:08 [ERROR]: MRP cannot be less than price for product 
2025-09-08 12:16:15 [INFO]: ✅ Purchase Order created | Order Number: ORD-9759281338
2025-09-08 12:16:18 [INFO]: ✅ Purchase Order fetched | ID: 13
2025-09-08 12:16:25 [INFO]: ✅ Purchase Order updated | ID: 13
2025-09-08 12:16:27 [INFO]: ✅ Purchase Order fetched | ID: 13
2025-09-08 12:17:47 [ERROR]: ❌ Failed to update Purchase Order | ID: 13 | Error: formDataorder_date is not defined
2025-09-08 12:17:47 [ERROR]: formDataorder_date is not defined
2025-09-08 12:17:50 [ERROR]: ❌ Failed to update Purchase Order | ID: 13 | Error: formDataorder_date is not defined
2025-09-08 12:17:50 [ERROR]: formDataorder_date is not defined
2025-09-08 12:17:59 [ERROR]: MRP cannot be less than price for product 6
2025-09-08 12:17:59 [ERROR]: ❌ Failed to update Purchase Order | ID: 13 | Error: MRP cannot be less than price for product 
2025-09-08 12:17:59 [ERROR]: MRP cannot be less than price for product 
2025-09-08 12:18:06 [INFO]: ✅ Purchase Order updated | ID: 13
2025-09-08 12:18:09 [INFO]: ✅ Purchase Order fetched | ID: 13
2025-09-08 12:18:13 [INFO]: ✅ Purchase Order fetched | ID: 13
2025-09-08 12:18:42 [INFO]: ✅ Purchase Order fetched | ID: 13
2025-09-08 12:20:10 [INFO]: ✅ Purchase Order deleted | ID: 13
2025-09-08 12:20:16 [ERROR]: ❌ Failed to delete Purchase Order | ID: 11 | Error: Cannot delete completed or cancelled Purchase Order
2025-09-08 12:20:16 [ERROR]: Cannot delete completed or cancelled Purchase Order
2025-09-08 12:21:07 [ERROR]: ❌ Failed to delete Purchase Order | ID: 12 | Error: Cannot delete completed or cancelled Purchase Order
2025-09-08 12:21:07 [ERROR]: Cannot delete completed or cancelled Purchase Order
2025-09-08 12:21:20 [ERROR]: ❌ Failed to delete Purchase Order | ID: 12 | Error: Cannot delete completed or cancelled Purchase Order
2025-09-08 12:21:20 [ERROR]: Cannot delete completed or cancelled Purchase Order
2025-09-08 12:21:32 [ERROR]: ❌ Failed to delete Purchase Order | ID: 11 | Error: Cannot delete completed or cancelled Purchase Order
2025-09-08 12:21:32 [ERROR]: Cannot delete completed or cancelled Purchase Order
2025-09-08 12:22:27 [INFO]: ✅ Purchase Order fetched | ID: 12
2025-09-08 12:27:28 [INFO]: ✅ Purchase Order fetched | ID: 12
2025-09-08 12:27:31 [INFO]: ✅ Purchase Order fetched | ID: 12
2025-09-08 12:28:03 [INFO]: ✅ Purchase Order fetched | ID: 12
2025-09-08 12:28:27 [INFO]: ✅ Purchase Order fetched | ID: 12
2025-09-08 12:29:09 [INFO]: ✅ Purchase Order fetched | ID: 12
2025-09-08 12:29:19 [INFO]: ✅ Purchase Order fetched | ID: 12
2025-09-08 12:30:53 [ERROR]: expected_delivery_date must be greater than order_date
2025-09-08 12:30:53 [ERROR]: ❌ Failed to create Purchase Order | Error: expected_delivery_date must be greater than order_date
2025-09-08 12:30:53 [ERROR]: expected_delivery_date must be greater than order_date
2025-09-08 12:31:01 [ERROR]: MRP cannot be less than price for product 10
2025-09-08 12:31:01 [ERROR]: ❌ Failed to create Purchase Order | Error: MRP cannot be less than price for product 
2025-09-08 12:31:01 [ERROR]: MRP cannot be less than price for product 
2025-09-08 12:31:03 [INFO]: ✅ Purchase Order created | Order Number: ORD-8637233342
2025-09-08 12:31:06 [INFO]: ✅ Purchase Order fetched | ID: 14
2025-09-08 12:31:50 [INFO]: ✅ Purchase Order fetched | ID: 14
2025-09-08 12:31:53 [INFO]: ✅ Purchase Order fetched | ID: 14
2025-09-08 12:31:56 [INFO]: ✅ Purchase Order fetched | ID: 14
2025-09-08 12:31:56 [INFO]: ✅ Purchase Order fetched | ID: 14
2025-09-08 12:32:28 [INFO]: ✅ Purchase Order fetched | ID: 14
2025-09-08 12:32:31 [INFO]: ✅ Purchase Order fetched | ID: 14
2025-09-08 12:33:01 [INFO]: ✅ Purchase Order fetched | ID: 14
2025-09-08 12:33:05 [INFO]: ✅ Purchase Order fetched | ID: 14
2025-09-08 12:33:12 [INFO]: ✅ Purchase Order fetched | ID: 14
2025-09-08 12:35:15 [INFO]: ✅ Purchase Order fetched | ID: 14
2025-09-08 12:35:19 [INFO]: ✅ Purchase Order fetched | ID: 14
2025-09-08 12:35:22 [INFO]: ✅ Purchase Order fetched | ID: 14
2025-09-08 12:35:59 [INFO]: ✅ Purchase Order fetched | ID: 14
2025-09-08 12:36:00 [INFO]: ✅ Purchase Order fetched | ID: 14
2025-09-08 12:36:04 [INFO]: ✅ Purchase Order fetched | ID: 14
2025-09-08 12:36:07 [INFO]: ✅ Purchase Order fetched | ID: 14
2025-09-08 12:36:17 [INFO]: ✅ Purchase Order fetched | ID: 14
2025-09-08 12:36:18 [INFO]: ✅ Purchase Order fetched | ID: 14
2025-09-08 12:36:20 [INFO]: ✅ Purchase Order fetched | ID: 14
2025-09-08 12:36:31 [INFO]: ✅ Purchase Order fetched | ID: 14
2025-09-08 12:36:49 [INFO]: ✅ Purchase Order fetched | ID: 14
2025-09-08 12:36:51 [INFO]: ✅ Purchase Order fetched | ID: 14
2025-09-08 12:36:54 [INFO]: ✅ Purchase Order fetched | ID: 14
2025-09-08 12:37:01 [INFO]: ✅ Purchase Order fetched | ID: 14
2025-09-08 12:37:30 [INFO]: ✅ Purchase Order fetched | ID: 14
2025-09-08 12:37:35 [INFO]: ✅ Purchase Order fetched | ID: 14
2025-09-08 12:37:37 [INFO]: ✅ Purchase Order fetched | ID: 14
2025-09-08 12:37:39 [INFO]: ✅ Purchase Order fetched | ID: 14
2025-09-08 12:37:47 [INFO]: ✅ Purchase Order fetched | ID: 14
2025-09-08 12:37:55 [INFO]: ✅ Purchase Order updated | ID: 14
2025-09-08 12:38:15 [INFO]: ✅ Purchase Order fetched | ID: 14
2025-09-08 12:38:26 [ERROR]: Validation Error: [{"field":"vendor_id","message":"Invalid input: expected number, received string"},{"field":"items.0.product_id","message":"Invalid input: expected number, received string"}]
2025-09-08 12:38:30 [ERROR]: Validation Error: [{"field":"vendor_id","message":"Invalid input: expected number, received string"},{"field":"items.0.product_id","message":"Invalid input: expected number, received string"}]
2025-09-08 12:38:32 [ERROR]: Validation Error: [{"field":"vendor_id","message":"Invalid input: expected number, received string"},{"field":"items.0.product_id","message":"Invalid input: expected number, received string"}]
2025-09-08 12:38:34 [ERROR]: Validation Error: [{"field":"vendor_id","message":"Invalid input: expected number, received string"},{"field":"items.0.product_id","message":"Invalid input: expected number, received string"}]
2025-09-08 12:38:36 [ERROR]: Validation Error: [{"field":"vendor_id","message":"Invalid input: expected number, received string"},{"field":"items.0.product_id","message":"Invalid input: expected number, received string"}]
2025-09-08 12:38:49 [ERROR]: Validation Error: [{"field":"vendor_id","message":"Invalid input: expected number, received string"},{"field":"items.0.product_id","message":"Invalid input: expected number, received string"}]
2025-09-08 12:41:32 [INFO]: ✅ Purchase Order fetched | ID: 14
2025-09-08 12:41:36 [INFO]: ✅ Purchase Order fetched | ID: 14
2025-09-08 12:42:05 [INFO]: ✅ Purchase Order fetched | ID: 14
2025-09-08 12:42:08 [INFO]: ✅ Purchase Order updated | ID: 14
2025-09-08 14:06:05 [INFO]: ✅ Purchase Order fetched | ID: 14
2025-09-08 14:10:05 [INFO]: ✅ Purchase Order fetched | ID: 14
2025-09-08 14:10:07 [INFO]: ✅ Purchase Order fetched | ID: 14
2025-09-08 14:11:40 [INFO]: ✅ Purchase Order fetched | ID: 14
2025-09-08 14:50:39 [INFO]: ✅ Purchase Order fetched | ID: 12
2025-09-08 14:54:10 [INFO]: ✅ Purchase Order created | Order Number: ORD-4508194133
2025-09-08 14:54:12 [INFO]: ✅ Purchase Order fetched | ID: 15
2025-09-08 14:55:01 [INFO]: ✅ Purchase Order created | Order Number: ORD-5018853871
2025-09-08 14:55:02 [INFO]: ✅ Purchase Order fetched | ID: 16
2025-09-08 15:23:35 [INFO]: ✅ Purchase Order fetched | ID: 16
2025-09-08 15:23:43 [INFO]: ✅ Purchase Order fetched | ID: 16
2025-09-08 15:31:27 [INFO]: ✅ Purchase Order fetched | ID: 16
2025-09-08 15:31:34 [INFO]: ✅ Purchase Order fetched | ID: 16
