2025-09-11 09:34:25 [ERROR]: ❌ Failed to create Sales Order | Error: Cannot read properties of undefined (reading 'map')
2025-09-11 09:34:25 [ERROR]: Cannot read properties of undefined (reading 'map')
2025-09-11 09:35:02 [ERROR]: Validation Error: [{"field":"products","message":"Invalid input: expected array, received undefined"},{"field":"","message":"Unrecognized key: \"items\""}]
2025-09-11 09:36:09 [ERROR]: ❌ Failed to create Sales Order | Error: items is not defined
2025-09-11 09:36:09 [ERROR]: items is not defined
2025-09-11 09:37:05 [ERROR]: ❌ Failed to create Sales Order | Error: items is not defined
2025-09-11 09:37:05 [ERROR]: items is not defined
2025-09-11 09:37:45 [ERROR]: ❌ Failed to create Sales Order | Error: items is not defined
2025-09-11 09:37:45 [ERROR]: items is not defined
2025-09-11 09:38:01 [ERROR]: ❌ Failed to create Sales Order | Error: priority is not defined
2025-09-11 09:38:01 [ERROR]: priority is not defined
2025-09-11 09:40:01 [ERROR]: ❌ Failed to create Sales Order | Error: 
Invalid `prisma.salesOrder.create()` invocation:

{
  data: {
    sales_order_number: "20250911041001439",
    name: "John Doe",
    email: "johndoe@example.com",
    address: "123 Main Street, New York, USA",
    order_type: "B2B",
    priority: "high",
    processed: false,
    totalOrderQty: 3,
    total_amount: null,
    status: "pending",
    products: {
      create: [
        {
          product_id: 1,
          vendor_id: undefined,
          ordered_qty: 2,
          allocated_qty: 0,
          remaining_qty: 2,
          totalAmount: null
        },
        {
          product_id: 2,
          vendor_id: undefined,
          ordered_qty: 1,
          allocated_qty: 0,
          remaining_qty: 1,
          totalAmount: null
        }
      ]
    },
+   contact_number: String
  }
}

Argument `contact_number` is missing.
2025-09-11 09:40:01 [ERROR]: 
Invalid `prisma.salesOrder.create()` invocation:

{
  data: {
    sales_order_number: "20250911041001439",
    name: "John Doe",
    email: "johndoe@example.com",
    address: "123 Main Street, New York, USA",
    order_type: "B2B",
    priority: "high",
    processed: false,
    totalOrderQty: 3,
    total_amount: null,
    status: "pending",
    products: {
      create: [
        {
          product_id: 1,
          vendor_id: undefined,
          ordered_qty: 2,
          allocated_qty: 0,
          remaining_qty: 2,
          totalAmount: null
        },
        {
          product_id: 2,
          vendor_id: undefined,
          ordered_qty: 1,
          allocated_qty: 0,
          remaining_qty: 1,
          totalAmount: null
        }
      ]
    },
+   contact_number: String
  }
}

Argument `contact_number` is missing.
2025-09-11 09:40:35 [ERROR]: ❌ Failed to create Sales Order | Error: 
Invalid `prisma.salesOrder.create()` invocation:

{
  data: {
    sales_order_number: "20250911041035535",
    name: "John Doe",
    email: "johndoe@example.com",
    address: "123 Main Street, New York, USA",
    order_type: "B2B",
    priority: "high",
    processed: false,
    totalOrderQty: 3,
    total_amount: null,
    status: "pending",
    products: {
      create: [
        {
          product_id: 1,
          vendor_id: undefined,
          ordered_qty: 2,
          allocated_qty: 0,
          remaining_qty: 2,
          totalAmount: null
        },
        {
          product_id: 2,
          vendor_id: undefined,
          ordered_qty: 1,
          allocated_qty: 0,
          remaining_qty: 1,
          totalAmount: null
        }
      ]
    },
+   contact_number: String
  }
}

Argument `contact_number` is missing.
2025-09-11 09:40:35 [ERROR]: 
Invalid `prisma.salesOrder.create()` invocation:

{
  data: {
    sales_order_number: "20250911041035535",
    name: "John Doe",
    email: "johndoe@example.com",
    address: "123 Main Street, New York, USA",
    order_type: "B2B",
    priority: "high",
    processed: false,
    totalOrderQty: 3,
    total_amount: null,
    status: "pending",
    products: {
      create: [
        {
          product_id: 1,
          vendor_id: undefined,
          ordered_qty: 2,
          allocated_qty: 0,
          remaining_qty: 2,
          totalAmount: null
        },
        {
          product_id: 2,
          vendor_id: undefined,
          ordered_qty: 1,
          allocated_qty: 0,
          remaining_qty: 1,
          totalAmount: null
        }
      ]
    },
+   contact_number: String
  }
}

Argument `contact_number` is missing.
2025-09-11 09:41:24 [ERROR]: ❌ Failed to create Sales Order | Error: 
Invalid `prisma.salesOrder.create()` invocation:

{
  data: {
    sales_order_number: "20250911041124717",
    name: "John Doe",
    email: "johndoe@example.com",
    contact_number: "9876543210",
    address: "123 Main Street, New York, USA",
    order_type: "B2B",
    priority: "high",
    processed: false,
    totalOrderQty: 3,
    total_amount: null,
    status: "pending",
    products: {
      create: [
        {
          product_id: 1,
          vendor_id: undefined,
          ordered_qty: 2,
          allocated_qty: 0,
          remaining_qty: 2,
          totalAmount: null
        },
        {
          product_id: 2,
          vendor_id: undefined,
          ordered_qty: 1,
          allocated_qty: 0,
          remaining_qty: 1,
          totalAmount: null
        }
      ]
    },
+   payment_status: String
  }
}

Argument `payment_status` is missing.
2025-09-11 09:41:24 [ERROR]: 
Invalid `prisma.salesOrder.create()` invocation:

{
  data: {
    sales_order_number: "20250911041124717",
    name: "John Doe",
    email: "johndoe@example.com",
    contact_number: "9876543210",
    address: "123 Main Street, New York, USA",
    order_type: "B2B",
    priority: "high",
    processed: false,
    totalOrderQty: 3,
    total_amount: null,
    status: "pending",
    products: {
      create: [
        {
          product_id: 1,
          vendor_id: undefined,
          ordered_qty: 2,
          allocated_qty: 0,
          remaining_qty: 2,
          totalAmount: null
        },
        {
          product_id: 2,
          vendor_id: undefined,
          ordered_qty: 1,
          allocated_qty: 0,
          remaining_qty: 1,
          totalAmount: null
        }
      ]
    },
+   payment_status: String
  }
}

Argument `payment_status` is missing.
2025-09-11 09:44:36 [ERROR]: ❌ Failed to create Sales Order | Error: 
Invalid `prisma.salesOrder.create()` invocation:

{
  data: {
    sales_order_number: "20250911041436351",
    name: "John Doe",
    email: "johndoe@example.com",
    contact_number: "9876543210",
    address: "123 Main Street, New York, USA",
    order_type: "B2B",
    priority: "high",
    processed: false,
    totalOrderQty: 3,
    delivery_status: "not dispatched",
    payment_status: "unpaid",
    status: "pending",
    products: {
      create: [
        {
          product_id: 1,
          vendor_id: undefined,
          ordered_qty: 2,
          allocated_qty: 0,
          remaining_qty: 2,
          totalAmount: null
        },
        {
          product_id: 2,
          vendor_id: undefined,
          ordered_qty: 1,
          allocated_qty: 0,
          remaining_qty: 1,
          totalAmount: null
        }
      ]
    },
+   total_amount: Float
  }
}

Argument `total_amount` must not be null.
2025-09-11 09:44:36 [ERROR]: 
Invalid `prisma.salesOrder.create()` invocation:

{
  data: {
    sales_order_number: "20250911041436351",
    name: "John Doe",
    email: "johndoe@example.com",
    contact_number: "9876543210",
    address: "123 Main Street, New York, USA",
    order_type: "B2B",
    priority: "high",
    processed: false,
    totalOrderQty: 3,
    delivery_status: "not dispatched",
    payment_status: "unpaid",
    status: "pending",
    products: {
      create: [
        {
          product_id: 1,
          vendor_id: undefined,
          ordered_qty: 2,
          allocated_qty: 0,
          remaining_qty: 2,
          totalAmount: null
        },
        {
          product_id: 2,
          vendor_id: undefined,
          ordered_qty: 1,
          allocated_qty: 0,
          remaining_qty: 1,
          totalAmount: null
        }
      ]
    },
+   total_amount: Float
  }
}

Argument `total_amount` must not be null.
2025-09-11 09:46:06 [ERROR]: Validation Error: [{"field":"items.0","message":"Unrecognized keys: \"item_price\", \"item_mrp\""},{"field":"items.1","message":"Unrecognized keys: \"item_price\", \"item_mrp\""}]
2025-09-11 09:46:47 [ERROR]: Validation Error: [{"field":"items.0","message":"Unrecognized keys: \"item_price\", \"item_mrp\""},{"field":"items.1","message":"Unrecognized keys: \"item_price\", \"item_mrp\""}]
2025-09-11 09:48:33 [ERROR]: ❌ Failed to create Sales Order | Error: 
Invalid `prisma.salesOrder.create()` invocation:

{
  data: {
    sales_order_number: "20250911041833893",
    name: "John Doe",
    email: "johndoe@example.com",
    contact_number: "9876543210",
    address: "123 Main Street, New York, USA",
    order_type: "B2B",
    priority: "high",
    processed: false,
    totalOrderQty: 3,
    total_amount: 37.392,
    delivery_status: "not dispatched",
    payment_status: "unpaid",
    status: "pending",
    products: {
      create: [
        {
          product_id: 1,
          vendor_id: undefined,
          ordered_qty: 2,
          allocated_qty: 0,
          remaining_qty: 2,
          totalAmount: 24.928
        },
        {
          product_id: 2,
          vendor_id: undefined,
          ordered_qty: 1,
          allocated_qty: 0,
          remaining_qty: 1,
          totalAmount: 12.464
        }
      ]
    }
  }
}

Argument `product_name` is missing.
2025-09-11 09:48:33 [ERROR]: 
Invalid `prisma.salesOrder.create()` invocation:

{
  data: {
    sales_order_number: "20250911041833893",
    name: "John Doe",
    email: "johndoe@example.com",
    contact_number: "9876543210",
    address: "123 Main Street, New York, USA",
    order_type: "B2B",
    priority: "high",
    processed: false,
    totalOrderQty: 3,
    total_amount: 37.392,
    delivery_status: "not dispatched",
    payment_status: "unpaid",
    status: "pending",
    products: {
      create: [
        {
          product_id: 1,
          vendor_id: undefined,
          ordered_qty: 2,
          allocated_qty: 0,
          remaining_qty: 2,
          totalAmount: 24.928
        },
        {
          product_id: 2,
          vendor_id: undefined,
          ordered_qty: 1,
          allocated_qty: 0,
          remaining_qty: 1,
          totalAmount: 12.464
        }
      ]
    }
  }
}

Argument `product_name` is missing.
2025-09-11 09:50:00 [ERROR]: ❌ Failed to create Sales Order | Error: 
Invalid `prisma.salesOrder.create()` invocation:

{
  data: {
    sales_order_number: "20250911042000402",
    name: "John Doe",
    email: "johndoe@example.com",
    contact_number: "9876543210",
    address: "123 Main Street, New York, USA",
    order_type: "B2B",
    priority: "high",
    processed: false,
    totalOrderQty: 3,
    total_amount: 37.392,
    delivery_status: "not dispatched",
    payment_status: "unpaid",
    status: "pending",
    products: {
      create: [
        {
          product_id: 1,
          vendor_id: undefined,
          ordered_qty: 2,
          allocated_qty: 0,
          remaining_qty: 2,
          totalAmount: 24.928
        },
        {
          product_id: 2,
          vendor_id: undefined,
          ordered_qty: 1,
          allocated_qty: 0,
          remaining_qty: 1,
          totalAmount: 12.464
        }
      ]
    }
  }
}

Argument `product` is missing.
2025-09-11 09:50:00 [ERROR]: 
Invalid `prisma.salesOrder.create()` invocation:

{
  data: {
    sales_order_number: "20250911042000402",
    name: "John Doe",
    email: "johndoe@example.com",
    contact_number: "9876543210",
    address: "123 Main Street, New York, USA",
    order_type: "B2B",
    priority: "high",
    processed: false,
    totalOrderQty: 3,
    total_amount: 37.392,
    delivery_status: "not dispatched",
    payment_status: "unpaid",
    status: "pending",
    products: {
      create: [
        {
          product_id: 1,
          vendor_id: undefined,
          ordered_qty: 2,
          allocated_qty: 0,
          remaining_qty: 2,
          totalAmount: 24.928
        },
        {
          product_id: 2,
          vendor_id: undefined,
          ordered_qty: 1,
          allocated_qty: 0,
          remaining_qty: 1,
          totalAmount: 12.464
        }
      ]
    }
  }
}

Argument `product` is missing.
2025-09-11 09:50:11 [ERROR]: ❌ Failed to create Sales Order | Error: 
Invalid `prisma.salesOrder.create()` invocation:

{
  data: {
    sales_order_number: "20250911042011288",
    name: "John Doe",
    email: "johndoe@example.com",
    contact_number: "9876543210",
    address: "123 Main Street, New York, USA",
    order_type: "B2B",
    priority: "high",
    processed: false,
    totalOrderQty: 3,
    total_amount: 37.392,
    delivery_status: "not dispatched",
    payment_status: "unpaid",
    status: "pending",
    products: {
      create: [
        {
          product_id: 1,
          vendor_id: undefined,
          ordered_qty: 2,
          allocated_qty: 0,
          remaining_qty: 2,
          totalAmount: 24.928
        },
        {
          product_id: 2,
          vendor_id: undefined,
          ordered_qty: 1,
          allocated_qty: 0,
          remaining_qty: 1,
          totalAmount: 12.464
        }
      ]
    }
  }
}

Argument `product` is missing.
2025-09-11 09:50:11 [ERROR]: 
Invalid `prisma.salesOrder.create()` invocation:

{
  data: {
    sales_order_number: "20250911042011288",
    name: "John Doe",
    email: "johndoe@example.com",
    contact_number: "9876543210",
    address: "123 Main Street, New York, USA",
    order_type: "B2B",
    priority: "high",
    processed: false,
    totalOrderQty: 3,
    total_amount: 37.392,
    delivery_status: "not dispatched",
    payment_status: "unpaid",
    status: "pending",
    products: {
      create: [
        {
          product_id: 1,
          vendor_id: undefined,
          ordered_qty: 2,
          allocated_qty: 0,
          remaining_qty: 2,
          totalAmount: 24.928
        },
        {
          product_id: 2,
          vendor_id: undefined,
          ordered_qty: 1,
          allocated_qty: 0,
          remaining_qty: 1,
          totalAmount: 12.464
        }
      ]
    }
  }
}

Argument `product` is missing.
2025-09-11 09:51:03 [ERROR]: Validation Error: [{"field":"items.0","message":"Unrecognized key: \"vendor_id\""},{"field":"items.1","message":"Unrecognized key: \"vendor_id\""}]
2025-09-11 09:51:52 [ERROR]: ❌ Failed to create Sales Order | Error: 
Invalid `prisma.salesOrder.create()` invocation:

{
  data: {
    sales_order_number: "20250911042152684",
    name: "John Doe",
    email: "johndoe@example.com",
    contact_number: "9876543210",
    address: "123 Main Street, New York, USA",
    order_type: "B2B",
    priority: "high",
    processed: false,
    totalOrderQty: 3,
    total_amount: 37.392,
    delivery_status: "not dispatched",
    payment_status: "unpaid",
    status: "pending",
    products: {
      create: [
        {
          product_id: 1,
          vendor_id: 1,
          ordered_qty: 2,
          allocated_qty: 0,
          remaining_qty: 2,
          totalAmount: 24.928
        },
        {
          product_id: 2,
          vendor_id: 1,
          ordered_qty: 1,
          allocated_qty: 0,
          remaining_qty: 1,
          totalAmount: 12.464
        }
      ]
    }
  }
}

Unknown argument `totalAmount`. Available options are marked with ?.
2025-09-11 09:51:52 [ERROR]: 
Invalid `prisma.salesOrder.create()` invocation:

{
  data: {
    sales_order_number: "20250911042152684",
    name: "John Doe",
    email: "johndoe@example.com",
    contact_number: "9876543210",
    address: "123 Main Street, New York, USA",
    order_type: "B2B",
    priority: "high",
    processed: false,
    totalOrderQty: 3,
    total_amount: 37.392,
    delivery_status: "not dispatched",
    payment_status: "unpaid",
    status: "pending",
    products: {
      create: [
        {
          product_id: 1,
          vendor_id: 1,
          ordered_qty: 2,
          allocated_qty: 0,
          remaining_qty: 2,
          totalAmount: 24.928
        },
        {
          product_id: 2,
          vendor_id: 1,
          ordered_qty: 1,
          allocated_qty: 0,
          remaining_qty: 1,
          totalAmount: 12.464
        }
      ]
    }
  }
}

Unknown argument `totalAmount`. Available options are marked with ?.
2025-09-11 09:53:28 [INFO]: ✅ Sales Order created | Sales Order Number: 20250911042328774
2025-09-11 09:55:50 [ERROR]: Validation Error: [{"field":"","message":"Unrecognized key: \"products\""}]
2025-09-11 09:56:03 [ERROR]: Validation Error: [{"field":"items.0","message":"Unrecognized key: \"vendor_id\""}]
2025-09-11 09:56:21 [ERROR]: ❌ Failed to create Sales Order | Error: items is not defined
2025-09-11 09:56:21 [ERROR]: items is not defined
2025-09-11 09:57:02 [ERROR]: ❌ Failed to create Sales Order | Error: 
Invalid `prisma.salesOrder.update()` invocation:

{
  where: {
    id: 1
  },
  data: {
    name: "Michael Johnson",
    email: undefined,
    address: null,
    order_type: undefined,
    priority: "normal",
    processed: false,
    totalOrderQty: 2,
    status: "pending",
    products: {
      deleteMany: {
        sales_order_id: 1
      },
      create: [
        {
          product_id: 1,
          vendor_id: 1,
          ordered_qty: 2,
          allocated_qty: undefined,
          remaining_qty: undefined,
          totalAmount: null
        }
      ]
    },
+   total_amount: Float
  }
}

Argument `total_amount` must not be null.
2025-09-11 09:57:02 [ERROR]: 
Invalid `prisma.salesOrder.update()` invocation:

{
  where: {
    id: 1
  },
  data: {
    name: "Michael Johnson",
    email: undefined,
    address: null,
    order_type: undefined,
    priority: "normal",
    processed: false,
    totalOrderQty: 2,
    status: "pending",
    products: {
      deleteMany: {
        sales_order_id: 1
      },
      create: [
        {
          product_id: 1,
          vendor_id: 1,
          ordered_qty: 2,
          allocated_qty: undefined,
          remaining_qty: undefined,
          totalAmount: null
        }
      ]
    },
+   total_amount: Float
  }
}

Argument `total_amount` must not be null.
2025-09-11 09:57:49 [ERROR]: Validation Error: [{"field":"items.0","message":"Unrecognized keys: \"product_price\", \"product_mrp\""},{"field":"items.1","message":"Unrecognized keys: \"product_price\", \"product_mrp\""}]
2025-09-11 09:58:24 [ERROR]: ❌ Failed to create Sales Order | Error: 
Invalid `prisma.salesOrder.update()` invocation:

{
  where: {
    id: 1
  },
  data: {
    name: "Ali",
    email: "ali@example.com",
    address: "123 Main Street, New York, USA",
    order_type: "B2B",
    priority: "high",
    processed: false,
    totalOrderQty: 3,
    status: "pending",
    products: {
      deleteMany: {
        sales_order_id: 1
      },
      create: [
        {
          product_id: 1,
          vendor_id: 1,
          ordered_qty: 2,
          allocated_qty: undefined,
          remaining_qty: undefined,
          totalAmount: null
        },
        {
          product_id: 2,
          vendor_id: 1,
          ordered_qty: 1,
          allocated_qty: undefined,
          remaining_qty: undefined,
          totalAmount: null
        }
      ]
    },
+   total_amount: Float
  }
}

Argument `total_amount` must not be null.
2025-09-11 09:58:24 [ERROR]: 
Invalid `prisma.salesOrder.update()` invocation:

{
  where: {
    id: 1
  },
  data: {
    name: "Ali",
    email: "ali@example.com",
    address: "123 Main Street, New York, USA",
    order_type: "B2B",
    priority: "high",
    processed: false,
    totalOrderQty: 3,
    status: "pending",
    products: {
      deleteMany: {
        sales_order_id: 1
      },
      create: [
        {
          product_id: 1,
          vendor_id: 1,
          ordered_qty: 2,
          allocated_qty: undefined,
          remaining_qty: undefined,
          totalAmount: null
        },
        {
          product_id: 2,
          vendor_id: 1,
          ordered_qty: 1,
          allocated_qty: undefined,
          remaining_qty: undefined,
          totalAmount: null
        }
      ]
    },
+   total_amount: Float
  }
}

Argument `total_amount` must not be null.
2025-09-11 09:58:47 [ERROR]: ❌ Failed to create Sales Order | Error: 
Invalid `prisma.salesOrder.update()` invocation:

{
  where: {
    id: 1
  },
  data: {
    name: "Ali",
    email: "ali@example.com",
    address: "123 Main Street, New York, USA",
    order_type: "B2B",
    priority: "high",
    processed: false,
    totalOrderQty: 3,
    total_amount: 37.392,
    status: "pending",
    products: {
      deleteMany: {
        sales_order_id: 1
      },
      create: [
        {
          product_id: 1,
          vendor_id: 1,
          ordered_qty: 2,
          allocated_qty: undefined,
          remaining_qty: undefined,
          totalAmount: 24.928
        },
        {
          product_id: 2,
          vendor_id: 1,
          ordered_qty: 1,
          allocated_qty: undefined,
          remaining_qty: undefined,
          totalAmount: 12.464
        }
      ]
    }
  }
}

Argument `allocated_qty` is missing.
2025-09-11 09:58:47 [ERROR]: 
Invalid `prisma.salesOrder.update()` invocation:

{
  where: {
    id: 1
  },
  data: {
    name: "Ali",
    email: "ali@example.com",
    address: "123 Main Street, New York, USA",
    order_type: "B2B",
    priority: "high",
    processed: false,
    totalOrderQty: 3,
    total_amount: 37.392,
    status: "pending",
    products: {
      deleteMany: {
        sales_order_id: 1
      },
      create: [
        {
          product_id: 1,
          vendor_id: 1,
          ordered_qty: 2,
          allocated_qty: undefined,
          remaining_qty: undefined,
          totalAmount: 24.928
        },
        {
          product_id: 2,
          vendor_id: 1,
          ordered_qty: 1,
          allocated_qty: undefined,
          remaining_qty: undefined,
          totalAmount: 12.464
        }
      ]
    }
  }
}

Argument `allocated_qty` is missing.
2025-09-11 09:59:15 [INFO]: ✅ Sales Order created | Sales Order Id: 1
2025-09-11 10:04:37 [ERROR]: ❌ Failed to delete sales Order | ID: 1 | Error: order_id is not defined
2025-09-11 10:04:37 [ERROR]: order_id is not defined
2025-09-11 10:05:42 [ERROR]: ❌ Failed to delete sales Order | ID: 1 | Error: order_id is not defined
2025-09-11 10:05:42 [ERROR]: order_id is not defined
2025-09-11 10:06:35 [INFO]: ✅ sales Order deleted | ID: 1
2025-09-11 10:16:13 [ERROR]: 
Invalid `prisma.salesOrder.findUnique()` invocation:

{
  where: {
+   id: Int
  },
  select: {
    sales_order_number: true,
    name: true,
    email: true,
    contact_number: true,
    address: true,
    order_type: true,
    priority: true,
    processed_date: true,
    delivery_date: true,
    status: true,
    processed: true,
    payment_status: true,
    delivery_status: true,
    totalOrderQty: true,
    total_amount: true,
    products: {
      select: {
        ordered_qty: true,
        allocated_qty: true,
        remaining_qty: true,
        updated_at: true,
        product: {
          select: {
            name: true,
            category: true,
            combination: true,
            product_mrp: true,
            product_price: true,
            description: true,
            hsn_code: true,
            gst_percentage: true,
            status: true
          }
        },
        vendor: {
          select: {
            name: true
          }
        }
      }
    }
  }
}

Argument `id` is missing.
2025-09-11 10:16:36 [ERROR]: 
Invalid `prisma.salesOrder.findUnique()` invocation:

{
  where: {
+   id: Int
  },
  select: {
    sales_order_number: true,
    name: true,
    email: true,
    contact_number: true,
    address: true,
    order_type: true,
    priority: true,
    processed_date: true,
    delivery_date: true,
    status: true,
    processed: true,
    payment_status: true,
    delivery_status: true,
    totalOrderQty: true,
    total_amount: true,
    products: {
      select: {
        ordered_qty: true,
        allocated_qty: true,
        remaining_qty: true,
        updated_at: true,
        product: {
          select: {
            name: true,
            category: true,
            combination: true,
            product_mrp: true,
            product_price: true,
            description: true,
            hsn_code: true,
            gst_percentage: true,
            status: true
          }
        },
        vendor: {
          select: {
            name: true
          }
        }
      }
    }
  }
}

Argument `id` is missing.
2025-09-11 10:17:23 [ERROR]: 
Invalid `prisma.salesOrder.findUnique()` invocation:

{
  where: {
+   id: Int
  },
  select: {
    sales_order_number: true,
    name: true,
    email: true,
    contact_number: true,
    address: true,
    order_type: true,
    priority: true,
    processed_date: true,
    delivery_date: true,
    status: true,
    processed: true,
    payment_status: true,
    delivery_status: true,
    totalOrderQty: true,
    total_amount: true,
    products: {
      select: {
        ordered_qty: true,
        allocated_qty: true,
        remaining_qty: true,
        updated_at: true,
        product: {
          select: {
            name: true,
            category: true,
            combination: true,
            product_mrp: true,
            product_price: true,
            description: true,
            hsn_code: true,
            gst_percentage: true,
            status: true
          }
        },
        vendor: {
          select: {
            name: true
          }
        }
      }
    }
  }
}

Argument `id` is missing.
2025-09-11 10:18:08 [ERROR]: 
Invalid `prisma.salesOrder.findUnique()` invocation:

{
  where: {
+   id: Int
  },
  select: {
    sales_order_number: true,
    name: true,
    email: true,
    contact_number: true,
    address: true,
    order_type: true,
    priority: true,
    processed_date: true,
    delivery_date: true,
    status: true,
    processed: true,
    payment_status: true,
    delivery_status: true,
    totalOrderQty: true,
    total_amount: true,
    products: {
      select: {
        ordered_qty: true,
        allocated_qty: true,
        remaining_qty: true,
        updated_at: true,
        product: {
          select: {
            name: true,
            category: true,
            combination: true,
            product_mrp: true,
            product_price: true,
            description: true,
            hsn_code: true,
            gst_percentage: true,
            status: true
          }
        },
        vendor: {
          select: {
            name: true
          }
        }
      }
    }
  }
}

Argument `id` is missing.
2025-09-11 10:18:28 [ERROR]: 
Invalid `prisma.salesOrder.findUnique()` invocation:

{
  where: {
+   id: Int
  },
  select: {
    sales_order_number: true,
    name: true,
    email: true,
    contact_number: true,
    address: true,
    order_type: true,
    priority: true,
    processed_date: true,
    delivery_date: true,
    status: true,
    processed: true,
    payment_status: true,
    delivery_status: true,
    totalOrderQty: true,
    total_amount: true,
    products: {
      select: {
        ordered_qty: true,
        allocated_qty: true,
        remaining_qty: true,
        updated_at: true,
        product: {
          select: {
            name: true,
            category: true,
            combination: true,
            product_mrp: true,
            product_price: true,
            description: true,
            hsn_code: true,
            gst_percentage: true,
            status: true
          }
        },
        vendor: {
          select: {
            name: true
          }
        }
      }
    }
  }
}

Argument `id` is missing.
2025-09-11 10:19:00 [ERROR]: 
Invalid `prisma.salesOrder.findUnique()` invocation:

{
  where: {
+   id: Int
  },
  select: {
    sales_order_number: true,
    name: true,
    email: true,
    contact_number: true,
    address: true,
    order_type: true,
    priority: true,
    processed_date: true,
    delivery_date: true,
    status: true,
    processed: true,
    payment_status: true,
    delivery_status: true,
    totalOrderQty: true,
    total_amount: true,
    products: {
      select: {
        ordered_qty: true,
        allocated_qty: true,
        remaining_qty: true,
        updated_at: true,
        product: {
          select: {
            name: true,
            category: true,
            combination: true,
            product_mrp: true,
            product_price: true,
            description: true,
            hsn_code: true,
            gst_percentage: true,
            status: true
          }
        },
        vendor: {
          select: {
            name: true
          }
        }
      }
    }
  }
}

Argument `id` is missing.
2025-09-11 10:26:14 [ERROR]: orderStatus is not defined
2025-09-11 10:26:44 [ERROR]: orderStatus is not defined
2025-09-11 10:27:21 [ERROR]: orderStatus is not defined
2025-09-11 10:27:39 [ERROR]: orderStatus is not defined
2025-09-11 10:28:02 [ERROR]: orderStatus is not defined
2025-09-11 10:29:33 [ERROR]: orderStatus is not defined
2025-09-11 10:30:08 [ERROR]: orderStatus is not defined
2025-09-11 10:30:45 [ERROR]: orderStatus is not defined
2025-09-11 10:31:09 [ERROR]: orderStatus is not defined
2025-09-11 10:33:52 [ERROR]: orderStatus is not defined
2025-09-11 11:06:25 [INFO]: ✅ Sales Order created | Sales Order Number: 20250911053625665
2025-09-11 11:11:06 [INFO]: ✅ Sales Order created | Sales Order Number: 20250911054106405
2025-09-11 11:11:13 [ERROR]: Cannot read properties of undefined (reading 'set')
2025-09-11 11:18:07 [ERROR]: 
Invalid `prisma.salesIndent.create()` invocation:


Unique constraint failed on the fields: (`indent_number`)
2025-09-11 11:18:38 [ERROR]: 
Invalid `prisma.salesIndent.create()` invocation:


Unique constraint failed on the fields: (`indent_number`)
2025-09-11 11:21:05 [INFO]: ✅ Sales Order created | Sales Order Number: 20250911055105752
2025-09-11 11:21:11 [ERROR]: processedOrdersPerIndent is not defined
2025-09-11 11:21:41 [ERROR]: processedOrdersPerIndent is not defined
2025-09-11 11:28:01 [INFO]: ✅ Sales Order created | Sales Order Number: 20250911055801398
2025-09-11 11:31:36 [INFO]: ✅ Sales Order created | Sales Order Number: 20250911060136532
2025-09-11 11:33:11 [INFO]: ✅ Sales Order created | Sales Order Number: 20250911060311324
2025-09-11 11:35:39 [INFO]: ✅ Sales Order created | Sales Order Number: 20250911060539780
2025-09-11 11:36:09 [INFO]: ✅ Sales Order created | Sales Order Number: 20250911060609071
2025-09-11 11:39:28 [INFO]: ✅ Sales Order created | Sales Order Number: 20250911060928080
2025-09-11 11:39:35 [INFO]: ✅ Sales Order created | Sales Order Number: 20250911060935505
2025-09-11 11:42:47 [INFO]: ✅ Sales Order created | Sales Order Number: 20250911061246970
2025-09-11 11:43:26 [INFO]: ✅ Sales Order created | Sales Order Number: 20250911061326493
2025-09-11 11:46:58 [INFO]: ✅ Sales Order created | Sales Order Number: 20250911061658598
2025-09-11 11:47:20 [INFO]: ✅ Sales Order created | Sales Order Number: 20250911061720798
2025-09-11 11:48:07 [ERROR]: All elements of the array need to be Prisma Client promises. Hint: Please make sure you are not awaiting the Prisma client calls you intended to pass in the $transaction function.
2025-09-11 12:06:35 [INFO]: ✅ Sales Order created | Sales Order Number: 20250911063635530
2025-09-11 12:07:03 [INFO]: ✅ Sales Order created | Sales Order Number: 20250911063703314
2025-09-11 12:08:40 [ERROR]: allProducts is not defined
2025-09-11 14:10:49 [INFO]: ✅ sales Order deleted | ID: 1
2025-09-11 14:10:55 [INFO]: ✅ sales Order deleted | ID: 2
2025-09-11 14:10:59 [INFO]: ✅ sales Order deleted | ID: 3
2025-09-11 14:11:03 [INFO]: ✅ sales Order deleted | ID: 4
2025-09-11 14:11:06 [INFO]: ✅ sales Order deleted | ID: 4
2025-09-11 14:11:10 [INFO]: ✅ sales Order deleted | ID: 5
2025-09-11 14:11:15 [INFO]: ✅ sales Order deleted | ID: 3
2025-09-11 14:11:57 [INFO]: ✅ sales Order deleted | ID: 1
2025-09-11 15:48:03 [ERROR]: ❌ Failed to delete sales Order | ID: undefined | Error: 
Invalid `prisma.salesOrder.update()` invocation:

{
  where: {
    id: undefined,
?   sales_order_number?: String,
?   AND?: SalesOrderWhereInput | SalesOrderWhereInput[],
?   OR?: SalesOrderWhereInput[],
?   NOT?: SalesOrderWhereInput | SalesOrderWhereInput[],
?   name?: StringFilter | String,
?   email?: StringFilter | String,
?   contact_number?: StringFilter | String,
?   address?: StringNullableFilter | String | Null,
?   order_type?: StringFilter | String,
?   priority?: StringFilter | String,
?   processed_date?: DateTimeNullableFilter | DateTime | Null,
?   delivery_date?: DateTimeNullableFilter | DateTime | Null,
?   status?: StringFilter | String,
?   processed?: BoolFilter | Boolean,
?   payment_status?: StringFilter | String,
?   delivery_status?: StringFilter | String,
?   totalOrderQty?: IntFilter | Int,
?   total_amount?: FloatFilter | Float,
?   created_at?: DateTimeFilter | DateTime,
?   updated_at?: DateTimeFilter | DateTime,
?   deleted_at?: DateTimeNullableFilter | DateTime | Null,
?   products?: SalesOrderProductListRelationFilter
  },
  data: {
    deleted_at: new Date("2025-09-11T10:18:03.408Z"),
    status: "cancelled"
  }
}

Argument `where` of type SalesOrderWhereUniqueInput needs at least one of `id` or `sales_order_number` arguments. Available options are marked with ?.
2025-09-11 15:51:05 [INFO]: ✅ sales Order deleted | ID: 8
2025-09-11 16:19:58 [INFO]: ✅ Sales Order created | Sales Order Number: 20250911104957975
2025-09-11 16:34:36 [INFO]: ✅ sales Order deleted | ID: 9
2025-09-11 16:35:02 [INFO]: ✅ sales Order deleted | ID: 10
2025-09-11 16:53:36 [INFO]: ✅ Sales Order created | Sales Order Number: 20250911112336910
2025-09-11 18:03:39 [INFO]: ✅ Sales Order created | Sales Order Number: 20250911123339135
