2025-09-08 11:55:54 [ERROR]: Validation Error: [{"field":"email","message":"Invalid email format"},{"field":"contact_number","message":"Contact number must be exactly 10 digits"}]
2025-09-08 11:56:01 [ERROR]: Validation Error: [{"field":"email","message":"Invalid email format"},{"field":"contact_number","message":"Contact number must be exactly 10 digits"}]
2025-09-08 11:57:06 [ERROR]: Validation Error: [{"field":"email","message":"Invalid email format"},{"field":"contact_number","message":"Contact number must be exactly 10 digits"}]
2025-09-08 11:57:09 [ERROR]: Validation Error: [{"field":"email","message":"Invalid email format"},{"field":"contact_number","message":"Contact number must be exactly 10 digits"}]
2025-09-08 11:57:14 [ERROR]: Validation Error: [{"field":"email","message":"Invalid email format"},{"field":"contact_number","message":"Contact number must be exactly 10 digits"}]
2025-09-08 11:57:18 [ERROR]: Validation Error: [{"field":"email","message":"Invalid email format"}]
2025-09-08 11:57:23 [INFO]: ✅ Vendor created successfully | Code: VC-8436721430
2025-09-08 12:15:00 [INFO]: ✅ Vendor search completed | Query: mo | Results: 2
2025-09-08 12:15:08 [INFO]: ✅ Vendor search completed | Query: Moh | Results: 2
2025-09-08 12:16:19 [INFO]: ✅ Vendor search completed | Query: Mohsinali Gulamali Datardi | Results: 2
2025-09-08 12:16:28 [INFO]: ✅ Vendor search completed | Query: Mohsinali Gulamali Datardi | Results: 2
2025-09-08 12:18:09 [INFO]: ✅ Vendor search completed | Query: Mohsinali Gulamali Datardi | Results: 2
2025-09-08 12:18:14 [INFO]: ✅ Vendor search completed | Query: Mohsinali Gulamali Datardi | Results: 2
2025-09-08 12:18:30 [INFO]: ✅ Vendor fetched successfully | ID: 8
2025-09-08 12:18:33 [INFO]: ✅ Vendor updated successfully | Code: VC-8436721430
2025-09-08 12:18:35 [INFO]: ✅ Vendor fetched successfully | ID: 7
2025-09-08 12:18:37 [INFO]: ✅ Vendor updated successfully | Code: VC-7861012591
2025-09-08 12:18:43 [INFO]: ✅ Vendor search completed | Query: Mohsinali Gulamali Datardi | Results: 0
2025-09-08 12:22:27 [INFO]: ✅ Vendor search completed | Query: Mohsinali Gulamali Datardi | Results: 0
2025-09-08 12:26:36 [INFO]: ✅ Vendor search completed | Query: Mohsinali Gulamali Datardi | Results: 0
2025-09-08 12:26:40 [INFO]: ✅ Vendor search completed | Query: Mohsinali Gulamali Datardi | Results: 0
2025-09-08 12:27:29 [INFO]: ✅ Vendor search completed | Query: Mohsinali Gulamali Datardi | Results: 0
2025-09-08 12:30:24 [INFO]: ✅ Vendor deleted successfully | Code: VC-7861012591
2025-09-08 12:30:34 [INFO]: ✅ Vendor search completed | Query: pr | Results: 1
2025-09-08 12:37:31 [INFO]: ✅ Vendor search completed | Query: Pratik | Results: 1
2025-09-08 12:37:47 [INFO]: ✅ Vendor search completed | Query: Pratik | Results: 1
2025-09-08 12:38:06 [INFO]: ✅ Vendor fetched successfully | ID: 6
2025-09-08 12:38:12 [INFO]: ✅ Vendor updated successfully | Code: VC-0432755606
2025-09-08 12:38:20 [INFO]: ✅ Vendor search completed | Query: mo | Results: 0
2025-09-08 12:38:22 [INFO]: ✅ Vendor search completed | Query: pr | Results: 0
2025-09-08 12:41:53 [INFO]: ✅ Vendor fetched successfully | ID: 6
2025-09-08 12:41:55 [INFO]: ✅ Vendor updated successfully | Code: VC-0432755606
2025-09-08 12:42:05 [INFO]: ✅ Vendor search completed | Query: Pratik | Results: 1
2025-09-08 14:53:48 [INFO]: ✅ Vendor search completed | Query: mo | Results: 0
2025-09-08 14:53:53 [INFO]: ✅ Vendor search completed | Query: pr | Results: 1
2025-09-08 14:54:44 [INFO]: ✅ Vendor search completed | Query: mo | Results: 0
2025-09-08 14:54:46 [INFO]: ✅ Vendor search completed | Query: pr | Results: 1
